// Jest Snapshot v1, https://goo.gl/fbAQLP

exports[`analyze-dist command reports a table of stats (including compressed) compared to a baseline 1`] = `
"┌──────────────────────────────────────────┬────────────┬─────────────┬───────────────┬──────────────────────┐
│ name                                     │       size │ brotli size │ baseline diff │ brotli baseline diff │
├──────────────────────────────────────────┼────────────┼─────────────┼───────────────┼──────────────────────┤
│ bpm.link.json                            │   96.10 kB │     5.70 kB │     unchanged │            unchanged │
├──────────────────────────────────────────┼────────────┼─────────────┼───────────────┼──────────────────────┤
│ prebuilt_recursive_static_conf.json      │    1.27 kB │       437 B │     unchanged │            unchanged │
├──────────────────────────────────────────┼────────────┼─────────────┼───────────────┼──────────────────────┤
│ raw_static_conf.json                     │      825 B │       312 B │     unchanged │            unchanged │
├──────────────────────────────────────────┼────────────┼─────────────┼───────────────┼──────────────────────┤
│ static_conf.json                         │      876 B │       337 B │     unchanged │            unchanged │
├──────────────────────────────────────────┼────────────┼─────────────┼───────────────┼──────────────────────┤
│ dist/assets.manifest.json                │    1.84 kB │       432 B │     unchanged │            unchanged │
├──────────────────────────────────────────┼────────────┼─────────────┼───────────────┼──────────────────────┤
│ dist/prebuilt_recursive_static_conf.json │    1.27 kB │       437 B │     unchanged │            unchanged │
├──────────────────────────────────────────┼────────────┼─────────────┼───────────────┼──────────────────────┤
│ dist/rhumb-config.json                   │       97 B │        72 B │     unchanged │            unchanged │
├──────────────────────────────────────────┼────────────┼─────────────┼───────────────┼──────────────────────┤
│ dist/static_conf.json                    │      876 B │       337 B │     unchanged │            unchanged │
├──────────────────────────────────────────┼────────────┼─────────────┼───────────────┼──────────────────────┤
│ dist/bundles/project.js                  │ 1189.92 kB │   170.82 kB │     unchanged │            unchanged │
├──────────────────────────────────────────┼────────────┼─────────────┼───────────────┼──────────────────────┤
│ dist/html/index.html                     │   41.00 kB │    12.10 kB │     unchanged │            unchanged │
├──────────────────────────────────────────┼────────────┼─────────────┼───────────────┼──────────────────────┤
│ dist/html/preload-dlb.html               │      305 B │       151 B │     unchanged │            unchanged │
├──────────────────────────────────────────┼────────────┼─────────────┼───────────────┼──────────────────────┤
│ dist/lang/en.js                          │    6.77 kB │     1.98 kB │     unchanged │            unchanged │
├──────────────────────────────────────────┼────────────┼─────────────┼───────────────┼──────────────────────┤
│ dist/sass/project.css                    │  228.33 kB │    24.42 kB │     unchanged │            unchanged │
├──────────────────────────────────────────┼────────────┼─────────────┼───────────────┼──────────────────────┤
│ dist/test/specs.js                       │ 3397.97 kB │   532.21 kB │     unchanged │            unchanged │
├──────────────────────────────────────────┼────────────┼─────────────┼───────────────┼──────────────────────┤
│ dist/test/test.html                      │    2.28 kB │       612 B │     unchanged │            unchanged │
└──────────────────────────────────────────┴────────────┴─────────────┴───────────────┴──────────────────────┘"
`;

exports[`analyze-dist command reports a table of stats 1`] = `
"┌──────────────────────────────────────────┬────────────┐
│ name                                     │       size │
├──────────────────────────────────────────┼────────────┤
│ bpm.link.json                            │   96.10 kB │
├──────────────────────────────────────────┼────────────┤
│ prebuilt_recursive_static_conf.json      │    1.27 kB │
├──────────────────────────────────────────┼────────────┤
│ raw_static_conf.json                     │      825 B │
├──────────────────────────────────────────┼────────────┤
│ static_conf.json                         │      876 B │
├──────────────────────────────────────────┼────────────┤
│ dist/assets.manifest.json                │    1.84 kB │
├──────────────────────────────────────────┼────────────┤
│ dist/prebuilt_recursive_static_conf.json │    1.27 kB │
├──────────────────────────────────────────┼────────────┤
│ dist/rhumb-config.json                   │       97 B │
├──────────────────────────────────────────┼────────────┤
│ dist/static_conf.json                    │      876 B │
├──────────────────────────────────────────┼────────────┤
│ dist/bundles/project.js                  │ 1189.92 kB │
├──────────────────────────────────────────┼────────────┤
│ dist/html/index.html                     │   41.00 kB │
├──────────────────────────────────────────┼────────────┤
│ dist/html/preload-dlb.html               │      305 B │
├──────────────────────────────────────────┼────────────┤
│ dist/lang/en.js                          │    6.77 kB │
├──────────────────────────────────────────┼────────────┤
│ dist/sass/project.css                    │  228.33 kB │
├──────────────────────────────────────────┼────────────┤
│ dist/test/specs.js                       │ 3397.97 kB │
├──────────────────────────────────────────┼────────────┤
│ dist/test/test.html                      │    2.28 kB │
└──────────────────────────────────────────┴────────────┘"
`;

exports[`analyze-dist command reports a table of stats compared to a baseline 1`] = `
"┌──────────────────────────────────────────┬────────────┬───────────────┐
│ name                                     │       size │ baseline diff │
├──────────────────────────────────────────┼────────────┼───────────────┤
│ bpm.link.json                            │   96.10 kB │     unchanged │
├──────────────────────────────────────────┼────────────┼───────────────┤
│ prebuilt_recursive_static_conf.json      │    1.27 kB │     unchanged │
├──────────────────────────────────────────┼────────────┼───────────────┤
│ raw_static_conf.json                     │      825 B │     unchanged │
├──────────────────────────────────────────┼────────────┼───────────────┤
│ static_conf.json                         │      876 B │     unchanged │
├──────────────────────────────────────────┼────────────┼───────────────┤
│ dist/assets.manifest.json                │    1.84 kB │     unchanged │
├──────────────────────────────────────────┼────────────┼───────────────┤
│ dist/prebuilt_recursive_static_conf.json │    1.27 kB │     unchanged │
├──────────────────────────────────────────┼────────────┼───────────────┤
│ dist/rhumb-config.json                   │       97 B │     unchanged │
├──────────────────────────────────────────┼────────────┼───────────────┤
│ dist/static_conf.json                    │      876 B │     unchanged │
├──────────────────────────────────────────┼────────────┼───────────────┤
│ dist/bundles/project.js                  │ 1189.92 kB │     unchanged │
├──────────────────────────────────────────┼────────────┼───────────────┤
│ dist/html/index.html                     │   41.00 kB │     unchanged │
├──────────────────────────────────────────┼────────────┼───────────────┤
│ dist/html/preload-dlb.html               │      305 B │     unchanged │
├──────────────────────────────────────────┼────────────┼───────────────┤
│ dist/lang/en.js                          │    6.77 kB │     unchanged │
├──────────────────────────────────────────┼────────────┼───────────────┤
│ dist/sass/project.css                    │  228.33 kB │     unchanged │
├──────────────────────────────────────────┼────────────┼───────────────┤
│ dist/test/specs.js                       │ 3397.97 kB │     unchanged │
├──────────────────────────────────────────┼────────────┼───────────────┤
│ dist/test/test.html                      │    2.28 kB │     unchanged │
└──────────────────────────────────────────┴────────────┴───────────────┘"
`;

exports[`analyze-dist command reports brotli sizes if sent --brotli 1`] = `
"┌──────────────────────────────────────────┬────────────┬─────────────┐
│ name                                     │       size │ brotli size │
├──────────────────────────────────────────┼────────────┼─────────────┤
│ bpm.link.json                            │   96.10 kB │     5.70 kB │
├──────────────────────────────────────────┼────────────┼─────────────┤
│ prebuilt_recursive_static_conf.json      │    1.27 kB │       437 B │
├──────────────────────────────────────────┼────────────┼─────────────┤
│ raw_static_conf.json                     │      825 B │       312 B │
├──────────────────────────────────────────┼────────────┼─────────────┤
│ static_conf.json                         │      876 B │       337 B │
├──────────────────────────────────────────┼────────────┼─────────────┤
│ dist/assets.manifest.json                │    1.84 kB │       432 B │
├──────────────────────────────────────────┼────────────┼─────────────┤
│ dist/prebuilt_recursive_static_conf.json │    1.27 kB │       437 B │
├──────────────────────────────────────────┼────────────┼─────────────┤
│ dist/rhumb-config.json                   │       97 B │        72 B │
├──────────────────────────────────────────┼────────────┼─────────────┤
│ dist/static_conf.json                    │      876 B │       337 B │
├──────────────────────────────────────────┼────────────┼─────────────┤
│ dist/bundles/project.js                  │ 1189.92 kB │   170.82 kB │
├──────────────────────────────────────────┼────────────┼─────────────┤
│ dist/html/index.html                     │   41.00 kB │    12.10 kB │
├──────────────────────────────────────────┼────────────┼─────────────┤
│ dist/html/preload-dlb.html               │      305 B │       151 B │
├──────────────────────────────────────────┼────────────┼─────────────┤
│ dist/lang/en.js                          │    6.77 kB │     1.98 kB │
├──────────────────────────────────────────┼────────────┼─────────────┤
│ dist/sass/project.css                    │  228.33 kB │    24.42 kB │
├──────────────────────────────────────────┼────────────┼─────────────┤
│ dist/test/specs.js                       │ 3397.97 kB │   532.21 kB │
├──────────────────────────────────────────┼────────────┼─────────────┤
│ dist/test/test.html                      │    2.28 kB │       612 B │
└──────────────────────────────────────────┴────────────┴─────────────┘"
`;
